[KDE Keyboard Layout Switcher]
Switch to Next Keyboard Layout=Meta+Alt+K,Meta+Alt+K,Auf nächste Tastaturbelegung umschalten
_k_friendly_name=Umschaltung der Tastaturbelegung

[services][org.kde.spectacle.desktop]
ActiveWindowScreenShot=Shift+Print,Meta+Print,Das aktive Fenster aufnehmen
FullScreenScreenShot=Meta+Print,Shift+Print,Die gesamte Arbeitsfläche aufnehmen
_launch=none,Print,Spectacle
